###############################################################################
#
# IAR ELF Linker V7.50.3.10732/W32 for ARM                08/Nov/2018  15:51:32
# Copyright 2007-2016 IAR Systems AB.
#
#    Output file  =  
#        C:\Users\mquaizar\Dropbox\engineering\GitHub\STM32F072-TERMINAL\SOURCE\EWARM\project\Exe\project.out
#    Map file     =  
#        C:\Users\mquaizar\Dropbox\engineering\GitHub\STM32F072-TERMINAL\SOURCE\EWARM\project\List\project.map
#    Command line =  
#        C:\Users\mquaizar\Dropbox\engineering\GitHub\STM32F072-TERMINAL\SOURCE\EWARM\project\Obj\about.o
#        C:\Users\mquaizar\Dropbox\engineering\GitHub\STM32F072-TERMINAL\SOURCE\EWARM\project\Obj\app.o
#        C:\Users\mquaizar\Dropbox\engineering\GitHub\STM32F072-TERMINAL\SOURCE\EWARM\project\Obj\bsp.o
#        C:\Users\mquaizar\Dropbox\engineering\GitHub\STM32F072-TERMINAL\SOURCE\EWARM\project\Obj\csp_gpio.o
#        C:\Users\mquaizar\Dropbox\engineering\GitHub\STM32F072-TERMINAL\SOURCE\EWARM\project\Obj\gpio.o
#        C:\Users\mquaizar\Dropbox\engineering\GitHub\STM32F072-TERMINAL\SOURCE\EWARM\project\Obj\main.o
#        C:\Users\mquaizar\Dropbox\engineering\GitHub\STM32F072-TERMINAL\SOURCE\EWARM\project\Obj\startup_stm32f072xb.o
#        C:\Users\mquaizar\Dropbox\engineering\GitHub\STM32F072-TERMINAL\SOURCE\EWARM\project\Obj\stm32f0xx_hal.o
#        C:\Users\mquaizar\Dropbox\engineering\GitHub\STM32F072-TERMINAL\SOURCE\EWARM\project\Obj\stm32f0xx_hal_cortex.o
#        C:\Users\mquaizar\Dropbox\engineering\GitHub\STM32F072-TERMINAL\SOURCE\EWARM\project\Obj\stm32f0xx_hal_dma.o
#        C:\Users\mquaizar\Dropbox\engineering\GitHub\STM32F072-TERMINAL\SOURCE\EWARM\project\Obj\stm32f0xx_hal_flash.o
#        C:\Users\mquaizar\Dropbox\engineering\GitHub\STM32F072-TERMINAL\SOURCE\EWARM\project\Obj\stm32f0xx_hal_flash_ex.o
#        C:\Users\mquaizar\Dropbox\engineering\GitHub\STM32F072-TERMINAL\SOURCE\EWARM\project\Obj\stm32f0xx_hal_gpio.o
#        C:\Users\mquaizar\Dropbox\engineering\GitHub\STM32F072-TERMINAL\SOURCE\EWARM\project\Obj\stm32f0xx_hal_i2c.o
#        C:\Users\mquaizar\Dropbox\engineering\GitHub\STM32F072-TERMINAL\SOURCE\EWARM\project\Obj\stm32f0xx_hal_i2c_ex.o
#        C:\Users\mquaizar\Dropbox\engineering\GitHub\STM32F072-TERMINAL\SOURCE\EWARM\project\Obj\stm32f0xx_hal_msp.o
#        C:\Users\mquaizar\Dropbox\engineering\GitHub\STM32F072-TERMINAL\SOURCE\EWARM\project\Obj\stm32f0xx_hal_pwr.o
#        C:\Users\mquaizar\Dropbox\engineering\GitHub\STM32F072-TERMINAL\SOURCE\EWARM\project\Obj\stm32f0xx_hal_pwr_ex.o
#        C:\Users\mquaizar\Dropbox\engineering\GitHub\STM32F072-TERMINAL\SOURCE\EWARM\project\Obj\stm32f0xx_hal_rcc.o
#        C:\Users\mquaizar\Dropbox\engineering\GitHub\STM32F072-TERMINAL\SOURCE\EWARM\project\Obj\stm32f0xx_hal_rcc_ex.o
#        C:\Users\mquaizar\Dropbox\engineering\GitHub\STM32F072-TERMINAL\SOURCE\EWARM\project\Obj\stm32f0xx_hal_tim.o
#        C:\Users\mquaizar\Dropbox\engineering\GitHub\STM32F072-TERMINAL\SOURCE\EWARM\project\Obj\stm32f0xx_hal_tim_ex.o
#        C:\Users\mquaizar\Dropbox\engineering\GitHub\STM32F072-TERMINAL\SOURCE\EWARM\project\Obj\stm32f0xx_hal_uart.o
#        C:\Users\mquaizar\Dropbox\engineering\GitHub\STM32F072-TERMINAL\SOURCE\EWARM\project\Obj\stm32f0xx_hal_uart_ex.o
#        C:\Users\mquaizar\Dropbox\engineering\GitHub\STM32F072-TERMINAL\SOURCE\EWARM\project\Obj\stm32f0xx_it.o
#        C:\Users\mquaizar\Dropbox\engineering\GitHub\STM32F072-TERMINAL\SOURCE\EWARM\project\Obj\system_stm32f0xx.o
#        C:\Users\mquaizar\Dropbox\engineering\GitHub\STM32F072-TERMINAL\SOURCE\EWARM\project\Obj\usart.o
#        --redirect _Printf=_PrintfFull --redirect _Scanf=_ScanfFull -o
#        C:\Users\mquaizar\Dropbox\engineering\GitHub\STM32F072-TERMINAL\SOURCE\EWARM\project\Exe\project.out
#        --map
#        C:\Users\mquaizar\Dropbox\engineering\GitHub\STM32F072-TERMINAL\SOURCE\EWARM\project\List\project.map
#        --config
#        C:\Users\mquaizar\Dropbox\engineering\GitHub\STM32F072-TERMINAL\SOURCE\EWARM/stm32f072xb_flash.icf
#        --semihosting --entry __iar_program_start --vfe
#
###############################################################################

*******************************************************************************
*** RUNTIME MODEL ATTRIBUTES
***

CppFlavor       = *
__SystemLibrary = DLib


*******************************************************************************
*** PLACEMENT SUMMARY
***

"A1":  place at 0x08000000 { ro section .intvec };
"P1":  place in [from 0x08000000 to 0x0801ffff] { ro };
"P2":  place in [from 0x20000000 to 0x20003fff] { rw, block CSTACK, block HEAP };

  Section            Kind        Address    Size  Object
  -------            ----        -------    ----  ------
"A1":                                       0xc0
  .intvec            ro code  0x08000000    0xc0  startup_stm32f072xb.o [1]
                            - 0x080000c0    0xc0

"P1":                                     0x15da
  .text              ro code  0x080000c0   0x618  stm32f0xx_hal_rcc.o [1]
  .text              ro code  0x080006d8    0x58  stm32f0xx_hal.o [1]
  .text              ro code  0x08000730    0x34  ABImemcpy.o [4]
  .text              ro code  0x08000764    0xae  I32DivModFast.o [4]
  .text              ro code  0x08000812     0x2  startup_stm32f072xb.o [1]
  .text              ro code  0x08000814    0x40  stm32f0xx_hal_msp.o [1]
  .text              ro code  0x08000854    0xa2  stm32f0xx_hal_cortex.o [1]
  .text              ro code  0x080008f6     0x2  startup_stm32f072xb.o [1]
  .text              ro code  0x080008f8     0x2  IntDivZer.o [4]
  .text              ro code  0x080008fa     0x2  startup_stm32f072xb.o [1]
  .text              ro code  0x080008fc   0x5fc  stm32f0xx_hal_uart.o [1]
  .text              ro code  0x08000ef8    0xec  usart.o [1]
  .text              ro code  0x08000fe4    0x4c  stm32f0xx_hal_dma.o [1]
  .text              ro code  0x08001030     0x2  stm32f0xx_hal_uart_ex.o [1]
  .text              ro code  0x08001032    0x88  main.o [1]
  .text              ro code  0x080010ba     0x2  startup_stm32f072xb.o [1]
  .text              ro code  0x080010bc   0x1b0  stm32f0xx_hal_gpio.o [1]
  .text              ro code  0x0800126c    0x84  gpio.o [1]
  .text              ro code  0x080012f0    0x10  app.o [1]
  .text              ro code  0x08001300   0x134  stm32f0xx_hal_rcc_ex.o [1]
  .text              ro code  0x08001434    0x4c  bsp.o [1]
  .text              ro code  0x08001480    0x2c  csp_gpio.o [1]
  .text              ro code  0x080014ac    0x70  system_stm32f0xx.o [1]
  .text              ro code  0x0800151c    0x3c  zero_init3.o [4]
  .text              ro code  0x08001558    0x30  copy_init3.o [4]
  .text              ro code  0x08001588    0x28  data_init.o [4]
  .iar.init_table    const    0x080015b0    0x24  - Linker created -
  .text              ro code  0x080015d4    0x1c  stm32f0xx_it.o [1]
  .text              ro code  0x080015f0    0x1a  cmain.o [4]
  .text              ro code  0x0800160a     0x4  low_level_init.o [3]
  .text              ro code  0x0800160e     0x8  exit.o [3]
  .text              ro code  0x08001616     0x2  startup_stm32f072xb.o [1]
  .text              ro code  0x08001618     0xa  cexit.o [4]
  .text              ro code  0x08001622     0x2  startup_stm32f072xb.o [1]
  .text              ro code  0x08001624    0x14  exit.o [5]
  .text              ro code  0x08001638    0x10  startup_stm32f072xb.o [1]
  .text              ro code  0x08001648     0xc  cstartup_M.o [4]
  .rodata            const    0x08001654     0x8  system_stm32f0xx.o [1]
  Initializer bytes  const    0x0800165c     0x4  <for P2-1>
  .text              ro code  0x08001660     0x2  startup_stm32f072xb.o [1]
  .text              ro code  0x08001662     0x2  startup_stm32f072xb.o [1]
  .text              ro code  0x08001664     0x2  startup_stm32f072xb.o [1]
  .text              ro code  0x08001666     0x2  startup_stm32f072xb.o [1]
  .text              ro code  0x08001668     0x2  startup_stm32f072xb.o [1]
  .text              ro code  0x0800166a     0x2  startup_stm32f072xb.o [1]
  .text              ro code  0x0800166c     0x2  startup_stm32f072xb.o [1]
  .text              ro code  0x0800166e     0x2  startup_stm32f072xb.o [1]
  .text              ro code  0x08001670     0x2  startup_stm32f072xb.o [1]
  .text              ro code  0x08001672     0x2  startup_stm32f072xb.o [1]
  .text              ro code  0x08001674     0x2  startup_stm32f072xb.o [1]
  .text              ro code  0x08001676     0x2  startup_stm32f072xb.o [1]
  .text              ro code  0x08001678     0x2  startup_stm32f072xb.o [1]
  .text              ro code  0x0800167a     0x2  startup_stm32f072xb.o [1]
  .text              ro code  0x0800167c     0x2  startup_stm32f072xb.o [1]
  .text              ro code  0x0800167e     0x2  startup_stm32f072xb.o [1]
  .text              ro code  0x08001680     0x2  startup_stm32f072xb.o [1]
  .text              ro code  0x08001682     0x2  startup_stm32f072xb.o [1]
  .text              ro code  0x08001684     0x2  startup_stm32f072xb.o [1]
  .text              ro code  0x08001686     0x2  startup_stm32f072xb.o [1]
  .text              ro code  0x08001688     0x2  startup_stm32f072xb.o [1]
  .text              ro code  0x0800168a     0x2  startup_stm32f072xb.o [1]
  .text              ro code  0x0800168c     0x2  startup_stm32f072xb.o [1]
  .text              ro code  0x0800168e     0x2  startup_stm32f072xb.o [1]
  .text              ro code  0x08001690     0x2  startup_stm32f072xb.o [1]
  .text              ro code  0x08001692     0x2  startup_stm32f072xb.o [1]
  .text              ro code  0x08001694     0x2  startup_stm32f072xb.o [1]
  .text              ro code  0x08001696     0x2  startup_stm32f072xb.o [1]
  .text              ro code  0x08001698     0x2  startup_stm32f072xb.o [1]
  .rodata            const    0x0800169a     0x0  zero_init3.o [4]
  .rodata            const    0x0800169a     0x0  copy_init3.o [4]
                            - 0x0800169a  0x15da

"P2", part 1 of 3:                           0x4
  P2-1                        0x20000000     0x4  <Init block>
    .data            inited   0x20000000     0x4  system_stm32f0xx.o [1]
                            - 0x20000004     0x4

"P2", part 2 of 3:                         0x400
  CSTACK                      0x20000008   0x400  <Block>
    CSTACK           uninit   0x20000008   0x400  <Block tail>
                            - 0x20000408   0x400

"P2", part 3 of 3:                          0x8c
  .bss               zero     0x20000408    0x70  usart.o [1]
  .bss               zero     0x20000478    0x18  bsp.o [1]
  .bss               zero     0x20000490     0x4  stm32f0xx_hal.o [1]
                            - 0x20000494    0x8c


*******************************************************************************
*** INIT TABLE
***

          Address     Size
          -------     ----
Zero (__iar_zero_init3)
    1 destination range, total size 0x8c:
          0x20000408  0x8c

Copy (__iar_copy_init3)
    1 source range, total size 0x4:
          0x0800165c   0x4
    1 destination range, total size 0x4:
          0x20000000   0x4



*******************************************************************************
*** MODULE SUMMARY
***

    Module                   ro code  ro data  rw data
    ------                   -------  -------  -------
C:\Users\mquaizar\Dropbox\engineering\GitHub\STM32F072-TERMINAL\SOURCE\EWARM\project\Obj: [1]
    app.o                         16
    bsp.o                         76                24
    csp_gpio.o                    44
    gpio.o                       132
    main.o                       136
    startup_stm32f072xb.o        278
    stm32f0xx_hal.o               88                 4
    stm32f0xx_hal_cortex.o       162
    stm32f0xx_hal_dma.o           76
    stm32f0xx_hal_gpio.o         432
    stm32f0xx_hal_msp.o           64
    stm32f0xx_hal_rcc.o        1 560
    stm32f0xx_hal_rcc_ex.o       308
    stm32f0xx_hal_uart.o       1 532
    stm32f0xx_hal_uart_ex.o        2
    stm32f0xx_it.o                28
    system_stm32f0xx.o           112       12        4
    usart.o                      236               112
    --------------------------------------------------
    Total:                     5 282       12      144

command line: [2]
    --------------------------------------------------
    Total:

dl6M_tlf.a: [3]
    exit.o                         8
    low_level_init.o               4
    --------------------------------------------------
    Total:                        12

rt6M_tl.a: [4]
    ABImemcpy.o                   52
    I32DivModFast.o              174
    IntDivZer.o                    2
    cexit.o                       10
    cmain.o                       26
    copy_init3.o                  48
    cstartup_M.o                  12
    data_init.o                   40
    zero_init3.o                  60
    --------------------------------------------------
    Total:                       424

shb_l.a: [5]
    exit.o                        20
    --------------------------------------------------
    Total:                        20

    Linker created                         36    1 024
------------------------------------------------------
    Grand Total:               5 738       48    1 168


*******************************************************************************
*** ENTRY LIST
***

Entry                      Address   Size  Type      Object
-----                      -------   ----  ----      ------
.iar.init_table$$Base   0x080015b0          --   Gb  - Linker created -
.iar.init_table$$Limit  0x080015d4          --   Gb  - Linker created -
?main                   0x080015f1         Code  Gb  cmain.o [4]
AHBPrescTable           0x0800150c   0x10  Data  Gb  system_stm32f0xx.o [1]
APBPrescTable           0x08001654    0x8  Data  Gb  system_stm32f0xx.o [1]
APP_Run                 0x080012f1   0x10  Code  Gb  app.o [1]
BSP_Init                0x08001435   0x28  Code  Gb  bsp.o [1]
BSP_Output_PA5          0x0800145d    0x4  Code  Gb  bsp.o [1]
CSTACK$$Base            0x20000008          --   Gb  - Linker created -
CSTACK$$Limit           0x20000408          --   Gb  - Linker created -
GPIO_Init               0x08001481    0xc  Code  Gb  csp_gpio.o [1]
GPIO_Toggle             0x0800148d   0x20  Code  Gb  csp_gpio.o [1]
HAL_DMA_Abort_IT        0x08000fe5   0x4c  Code  Gb  stm32f0xx_hal_dma.o [1]
HAL_GPIO_Init           0x080010bd  0x17e  Code  Gb  stm32f0xx_hal_gpio.o [1]
HAL_GPIO_TogglePin      0x08001247    0x8  Code  Gb  stm32f0xx_hal_gpio.o [1]
HAL_GPIO_WritePin       0x0800123b    0xc  Code  Gb  stm32f0xx_hal_gpio.o [1]
HAL_GetTick             0x08000721    0x6  Code  Wk  stm32f0xx_hal.o [1]
HAL_IncTick             0x08000717    0xa  Code  Wk  stm32f0xx_hal.o [1]
HAL_Init                0x080006d9   0x1a  Code  Gb  stm32f0xx_hal.o [1]
HAL_InitTick            0x080006f3   0x24  Code  Wk  stm32f0xx_hal.o [1]
HAL_MspInit             0x08000815   0x40  Code  Gb  stm32f0xx_hal_msp.o [1]
HAL_NVIC_EnableIRQ      0x0800088f    0xe  Code  Gb  stm32f0xx_hal_cortex.o [1]
HAL_NVIC_SetPriority    0x08000887    0x8  Code  Gb  stm32f0xx_hal_cortex.o [1]
HAL_RCCEx_PeriphCLKConfig
                        0x08001301  0x118  Code  Gb  stm32f0xx_hal_rcc_ex.o [1]
HAL_RCC_ClockConfig     0x080004b1  0x14e  Code  Gb  stm32f0xx_hal_rcc.o [1]
HAL_RCC_GetHCLKFreq     0x0800066f    0x6  Code  Gb  stm32f0xx_hal_rcc.o [1]
HAL_RCC_GetPCLK1Freq    0x08000679   0x14  Code  Gb  stm32f0xx_hal_rcc.o [1]
HAL_RCC_GetSysClockFreq
                        0x08000605   0x6a  Code  Gb  stm32f0xx_hal_rcc.o [1]
HAL_RCC_OscConfig       0x080000c1  0x3e4  Code  Gb  stm32f0xx_hal_rcc.o [1]
HAL_SYSTICK_CLKSourceConfig
                        0x080008c5   0x18  Code  Gb  stm32f0xx_hal_cortex.o [1]
HAL_SYSTICK_Callback    0x080008f5    0x2  Code  Wk  stm32f0xx_hal_cortex.o [1]
HAL_SYSTICK_Config      0x0800089d   0x28  Code  Gb  stm32f0xx_hal_cortex.o [1]
HAL_SYSTICK_IRQHandler  0x080008ed    0x8  Code  Gb  stm32f0xx_hal_cortex.o [1]
HAL_UARTEx_WakeupCallback
                        0x08001031    0x2  Code  Wk  stm32f0xx_hal_uart_ex.o [1]
HAL_UART_ErrorCallback  0x08000a9d    0x2  Code  Wk  stm32f0xx_hal_uart.o [1]
HAL_UART_IRQHandler     0x08000969  0x12e  Code  Gb  stm32f0xx_hal_uart.o [1]
HAL_UART_Init           0x080008fd   0x56  Code  Gb  stm32f0xx_hal_uart.o [1]
HAL_UART_MspInit        0x08000f2d   0x52  Code  Gb  usart.o [1]
HAL_UART_RxCpltCallback
                        0x08000a9b    0x2  Code  Wk  stm32f0xx_hal_uart.o [1]
HAL_UART_TxCpltCallback
                        0x08000a99    0x2  Code  Wk  stm32f0xx_hal_uart.o [1]
MX_GPIO_Init            0x0800126d   0x84  Code  Gb  gpio.o [1]
MX_USART2_UART_Init     0x08000ef9   0x34  Code  Gb  usart.o [1]
NVIC_SetPriority        0x08000855   0x32  Code  Lc  stm32f0xx_hal_cortex.o [1]
Region$$Table$$Base     0x080015b0          --   Gb  - Linker created -
Region$$Table$$Limit    0x080015d4          --   Gb  - Linker created -
SysTick_Handler         0x080015d5    0xc  Code  Gb  stm32f0xx_it.o [1]
SystemClock_Config      0x0800104b   0x6e  Code  Gb  main.o [1]
SystemCoreClock         0x20000000    0x4  Data  Gb  system_stm32f0xx.o [1]
SystemInit              0x080014ad   0x48  Code  Gb  system_stm32f0xx.o [1]
UART_AdvFeatureConfig   0x08000be1   0xc8  Code  Gb  stm32f0xx_hal_uart.o [1]
UART_CheckIdleState     0x08000ca9   0x70  Code  Gb  stm32f0xx_hal_uart.o [1]
UART_DMAAbortOnError    0x08000ded   0x14  Code  Lc  stm32f0xx_hal_uart.o [1]
UART_EndRxTransfer      0x08000d91   0x1c  Code  Lc  stm32f0xx_hal_uart.o [1]
UART_EndTransmit_IT     0x08000e65   0x1a  Code  Gb  stm32f0xx_hal_uart.o [1]
UART_Receive_IT         0x08000e7f   0x70  Code  Gb  stm32f0xx_hal_uart.o [1]
UART_SetConfig          0x08000a9f  0x13c  Code  Gb  stm32f0xx_hal_uart.o [1]
UART_Transmit_IT        0x08000e01   0x64  Code  Gb  stm32f0xx_hal_uart.o [1]
UART_WaitOnFlagUntilTimeout
                        0x08000d2d   0x60  Code  Gb  stm32f0xx_hal_uart.o [1]
USART2_IRQHandler       0x080015e1    0xa  Code  Gb  stm32f0xx_it.o [1]
_Error_Handler          0x080010b9    0x2  Code  Gb  main.o [1]
__ICFEDIT_region_RAM_end__ {Abs}
                        0x20003fff          --   Gb  command line/config [2]
__ICFEDIT_region_RAM_start__ {Abs}
                        0x20000000          --   Gb  command line/config [2]
__aeabi_idiv0           0x080008f9         Code  Gb  IntDivZer.o [4]
__aeabi_memcpy4         0x08000731         Code  Wk  ABImemcpy.o [4]
__aeabi_uidiv           0x08000765         Code  Gb  I32DivModFast.o [4]
__aeabi_uidivmod        0x08000765         Code  Gb  I32DivModFast.o [4]
__cmain                 0x080015f1         Code  Gb  cmain.o [4]
__exit                  0x08001625   0x14  Code  Gb  exit.o [5]
__iar_copy_init3        0x08001559   0x30  Code  Gb  copy_init3.o [4]
__iar_data_init3        0x08001589   0x28  Code  Gb  data_init.o [4]
__iar_program_start     0x08001649         Code  Gb  cstartup_M.o [4]
__iar_zero_init3        0x0800151d   0x3c  Code  Gb  zero_init3.o [4]
__low_level_init        0x0800160b    0x4  Code  Gb  low_level_init.o [3]
__vector_table          0x08000000         Data  Gb  startup_stm32f072xb.o [1]
_call_main              0x080015fd         Code  Gb  cmain.o [4]
_exit                   0x08001619         Code  Gb  cexit.o [4]
_main                   0x08001607         Code  Gb  cmain.o [4]
exit                    0x0800160f    0x8  Code  Gb  exit.o [3]
huart2                  0x20000408   0x70  Data  Gb  usart.o [1]
input_PC13              0x20000484    0xc  Data  Gb  bsp.o [1]
main                    0x08001033   0x18  Code  Gb  main.o [1]
output_PA5              0x20000478    0xc  Data  Gb  bsp.o [1]
uwTick                  0x20000490    0x4  Data  Gb  stm32f0xx_hal.o [1]


[1] = C:\Users\mquaizar\Dropbox\engineering\GitHub\STM32F072-TERMINAL\SOURCE\EWARM\project\Obj
[2] = command line
[3] = dl6M_tlf.a
[4] = rt6M_tl.a
[5] = shb_l.a

  5 738 bytes of readonly  code memory
     48 bytes of readonly  data memory
  1 168 bytes of readwrite data memory

Errors: none
Warnings: none
